2026-05-12 15:14:36.668 INFO  c.k.k.c.l.logback.LogbackConfigurator    - Logback default configuration initialized from: /Applications/Katalon Studio.app/Contents/Eclipse/configuration/org.eclipse.osgi/150/0/.cp/resources/logback/logback-execution.xml
2026-05-12 15:14:36.672 INFO  c.k.k.c.l.logback.LogbackConfigurator    - Logback custom configuration initialized from: /Users/mohit/git/Ramco-katalon-sample/Include/config/log.properties
2026-05-12 15:14:37.437 INFO  c.k.katalon.core.main.TestSuiteExecutor  - START Test Suites/TS005a- Multi Profile and Browser 2
2026-05-12 15:14:37.519 INFO  c.k.katalon.core.main.TestSuiteExecutor  - userFullName = Mohit Kumar
2026-05-12 15:14:37.521 INFO  c.k.katalon.core.main.TestSuiteExecutor  - projectName = Ramco-katalon-sample
2026-05-12 15:14:37.522 INFO  c.k.katalon.core.main.TestSuiteExecutor  - hostName = mohit - 192.168.29.170
2026-05-12 15:14:37.523 INFO  c.k.katalon.core.main.TestSuiteExecutor  - os = Mac OS X 64bit
2026-05-12 15:14:37.524 INFO  c.k.katalon.core.main.TestSuiteExecutor  - hostAddress = 192.168.29.170
2026-05-12 15:14:37.526 INFO  c.k.katalon.core.main.TestSuiteExecutor  - katalonVersion = 11.1.3.0
2026-05-12 15:14:37.664 INFO  c.k.katalon.core.main.TestCaseExecutor   - --------------------
2026-05-12 15:14:37.665 INFO  c.k.katalon.core.main.TestCaseExecutor   - START Test Cases/OrangeHRM/TC001-Orange HRM Search - Profile Usecase
2026-05-12 15:14:38.166 DEBUG C001-Orange HRM Search - Profile Usecase - 1: openBrowser("")
2026-05-12 15:14:38.432 INFO  c.k.k.core.webui.driver.DriverFactory    - Starting 'Chrome' driver
2026-05-12 15:14:38.441 INFO  c.k.k.c.w.util.WebDriverPropertyUtil     - User set preference: ['args', '[--disable-features=SafeBrowsing,PasswordLeakToggleMove, --disable-notifications]']
2026-05-12 15:14:38.443 INFO  c.k.k.c.w.util.WebDriverPropertyUtil     - User set preference: ['prefs', '{credentials_enable_service=false, profile.password_manager_enabled=false, profile.password_manager_leak_detection=false}']
2026-05-12 15:14:38.493 INFO  c.k.k.core.webui.driver.DriverFactory    - Action delay is set to 0 milliseconds
2026-05-12 15:14:41.396 INFO  c.k.k.core.webui.driver.DriverFactory    - sessionId = 26ff6bb09736f701d553e4f51c4d7fb7
2026-05-12 15:14:41.398 INFO  c.k.k.core.webui.driver.DriverFactory    - browser = Chrome 148.0.7778.97
2026-05-12 15:14:41.400 INFO  c.k.k.core.webui.driver.DriverFactory    - platform = Mac OS X
2026-05-12 15:14:41.401 INFO  c.k.k.core.webui.driver.DriverFactory    - seleniumVersion = 4.39.0
2026-05-12 15:14:41.410 INFO  c.k.k.core.webui.driver.DriverFactory    - proxyInformation = ProxyInformation { proxyOption=NO_PROXY, proxyServerType=HTTP, username=, password=********, proxyServerAddress=, proxyServerPort=0, executionList="", isApplyToDesiredCapabilities=true }
2026-05-12 15:14:41.487 DEBUG C001-Orange HRM Search - Profile Usecase - 2: maximizeWindow(STOP_ON_FAILURE)
2026-05-12 15:14:41.900 DEBUG C001-Orange HRM Search - Profile Usecase - 3: navigateToUrl(G_URL)
2026-05-12 15:14:44.506 DEBUG C001-Orange HRM Search - Profile Usecase - 4: takeScreenshot()
2026-05-12 15:14:45.406 DEBUG C001-Orange HRM Search - Profile Usecase - 5: setText(findTestObject("OrangeHRM/Page_OrangeHRM/input_Username"), G_USR)
2026-05-12 15:14:46.268 DEBUG C001-Orange HRM Search - Profile Usecase - 6: setEncryptedText(findTestObject("OrangeHRM/Page_OrangeHRM/input_Password"), G_PWD)
2026-05-12 15:14:46.647 DEBUG C001-Orange HRM Search - Profile Usecase - 7: click(findTestObject("OrangeHRM/Page_OrangeHRM/button_Login"))
2026-05-12 15:14:47.910 DEBUG C001-Orange HRM Search - Profile Usecase - 8: click(findTestObject("OrangeHRM/Page_OrangeHRM/span_Admin"))
2026-05-12 15:14:50.214 DEBUG C001-Orange HRM Search - Profile Usecase - 9: takeScreenshot()
2026-05-12 15:14:51.468 DEBUG C001-Orange HRM Search - Profile Usecase - 10: setText(findTestObject("OrangeHRM/Page_OrangeHRM/input_oxd-input oxd-input-active"), "mohit kumar")
2026-05-12 15:14:52.066 DEBUG C001-Orange HRM Search - Profile Usecase - 11: waitForElementPresent(findTestObject("OrangeHRM/Page_OrangeHRM/h5_System Users"), 10)
2026-05-12 15:14:52.327 DEBUG C001-Orange HRM Search - Profile Usecase - 12: takeScreenshot()
2026-05-12 15:14:52.667 DEBUG C001-Orange HRM Search - Profile Usecase - 13: verifyElementText(findTestObject("OrangeHRM/Page_OrangeHRM/h5_System Users"), "System Users")
2026-05-12 15:14:52.926 DEBUG C001-Orange HRM Search - Profile Usecase - 14: waitForElementPresent(findTestObject("OrangeHRM/Page_OrangeHRM/h5_System Users"), 10)
2026-05-12 15:14:53.165 DEBUG C001-Orange HRM Search - Profile Usecase - 15: click(findTestObject("OrangeHRM/Page_OrangeHRM/button_Search"))
2026-05-12 15:14:53.470 DEBUG C001-Orange HRM Search - Profile Usecase - 16: waitForElementPresent(findTestObject("OrangeHRM/Page_OrangeHRM/span_No Records Found"), 10)
2026-05-12 15:14:54.416 DEBUG C001-Orange HRM Search - Profile Usecase - 17: takeScreenshot()
2026-05-12 15:14:54.735 DEBUG C001-Orange HRM Search - Profile Usecase - 18: verifyElementText(findTestObject("OrangeHRM/Page_OrangeHRM/span_No Records Found"), "No Records Found")
2026-05-12 15:14:54.976 DEBUG C001-Orange HRM Search - Profile Usecase - 19: click(findTestObject("OrangeHRM/Page_OrangeHRM/span_Leave"))
2026-05-12 15:14:55.971 DEBUG C001-Orange HRM Search - Profile Usecase - 20: waitForElementPresent(findTestObject("OrangeHRM/Page_OrangeHRM/h5_Leave List"), 10)
2026-05-12 15:14:57.326 DEBUG C001-Orange HRM Search - Profile Usecase - 21: takeScreenshot()
2026-05-12 15:14:57.662 DEBUG C001-Orange HRM Search - Profile Usecase - 22: verifyElementText(findTestObject("OrangeHRM/Page_OrangeHRM/h5_Leave List"), "Leave List")
2026-05-12 15:14:57.930 DEBUG C001-Orange HRM Search - Profile Usecase - 23: click(findTestObject("OrangeHRM/Page_OrangeHRM/span_Time"))
2026-05-12 15:14:59.059 DEBUG C001-Orange HRM Search - Profile Usecase - 24: waitForElementPresent(findTestObject("OrangeHRM/Page_OrangeHRM/h6_Select Employee"), 10)
2026-05-12 15:15:00.212 DEBUG C001-Orange HRM Search - Profile Usecase - 25: takeScreenshot()
2026-05-12 15:15:00.551 DEBUG C001-Orange HRM Search - Profile Usecase - 26: verifyElementText(findTestObject("OrangeHRM/Page_OrangeHRM/h6_Select Employee"), "Select Employee")
2026-05-12 15:15:00.793 DEBUG C001-Orange HRM Search - Profile Usecase - 27: click(findTestObject("OrangeHRM/Page_OrangeHRM/span_My Info"))
2026-05-12 15:15:01.882 DEBUG C001-Orange HRM Search - Profile Usecase - 28: waitForElementPresent(findTestObject("OrangeHRM/Page_OrangeHRM/h6_Personal Details"), 10)
2026-05-12 15:15:03.729 DEBUG C001-Orange HRM Search - Profile Usecase - 29: takeScreenshot()
2026-05-12 15:15:04.088 DEBUG C001-Orange HRM Search - Profile Usecase - 30: verifyElementText(findTestObject("OrangeHRM/Page_OrangeHRM/h6_Personal Details"), "Personal Details")
2026-05-12 15:15:04.328 DEBUG C001-Orange HRM Search - Profile Usecase - 31: click(findTestObject("OrangeHRM/Page_OrangeHRM/span_Maintenance"))
2026-05-12 15:15:05.316 DEBUG C001-Orange HRM Search - Profile Usecase - 32: waitForElementPresent(findTestObject("OrangeHRM/Page_OrangeHRM/h6_Administrator Access"), 10)
2026-05-12 15:15:06.060 DEBUG C001-Orange HRM Search - Profile Usecase - 33: takeScreenshot()
2026-05-12 15:15:06.344 DEBUG C001-Orange HRM Search - Profile Usecase - 34: verifyElementText(findTestObject("OrangeHRM/Page_OrangeHRM/h6_Administrator Access"), "Administrator Access")
2026-05-12 15:15:06.583 DEBUG C001-Orange HRM Search - Profile Usecase - 35: closeBrowser(STOP_ON_FAILURE)
2026-05-12 15:15:06.767 INFO  c.k.katalon.core.main.TestCaseExecutor   - END Test Cases/OrangeHRM/TC001-Orange HRM Search - Profile Usecase
2026-05-12 15:15:06.795 INFO  c.k.katalon.core.main.TestSuiteExecutor  - --------------------
2026-05-12 15:15:06.796 INFO  c.k.katalon.core.main.TestSuiteExecutor  - END Test Suites/TS005a- Multi Profile and Browser 2
2026-05-12 15:15:06.796 INFO  c.k.katalon.core.main.TestSuiteExecutor  - ====================
