2026-05-12 15:08:22.869 INFO  c.k.k.c.l.logback.LogbackConfigurator    - Logback default configuration initialized from: /Applications/Katalon Studio.app/Contents/Eclipse/configuration/org.eclipse.osgi/150/0/.cp/resources/logback/logback-execution.xml
2026-05-12 15:08:22.870 INFO  c.k.k.c.l.logback.LogbackConfigurator    - Logback custom configuration initialized from: /Users/mohit/git/Ramco-katalon-sample/Include/config/log.properties
2026-05-12 15:08:23.116 INFO  c.k.katalon.core.main.TestSuiteExecutor  - START Test Suites/TS005a- Multi Profile and Browser 1
2026-05-12 15:08:23.150 INFO  c.k.katalon.core.main.TestSuiteExecutor  - userFullName = Mohit Kumar
2026-05-12 15:08:23.151 INFO  c.k.katalon.core.main.TestSuiteExecutor  - projectName = Ramco-katalon-sample
2026-05-12 15:08:23.151 INFO  c.k.katalon.core.main.TestSuiteExecutor  - hostName = mohit - 192.168.29.170
2026-05-12 15:08:23.151 INFO  c.k.katalon.core.main.TestSuiteExecutor  - os = Mac OS X 64bit
2026-05-12 15:08:23.151 INFO  c.k.katalon.core.main.TestSuiteExecutor  - hostAddress = 192.168.29.170
2026-05-12 15:08:23.152 INFO  c.k.katalon.core.main.TestSuiteExecutor  - katalonVersion = 11.1.3.0
2026-05-12 15:08:23.193 INFO  c.k.katalon.core.main.TestCaseExecutor   - --------------------
2026-05-12 15:08:23.193 INFO  c.k.katalon.core.main.TestCaseExecutor   - START Test Cases/OrangeHRM/TC001-Orange HRM Search - Profile Usecase
2026-05-12 15:08:23.320 DEBUG C001-Orange HRM Search - Profile Usecase - 1: openBrowser("")
2026-05-12 15:08:23.401 INFO  c.k.k.core.webui.driver.DriverFactory    - Starting 'Chrome' driver
2026-05-12 15:08:23.404 INFO  c.k.k.c.w.util.WebDriverPropertyUtil     - User set preference: ['args', '[--disable-features=SafeBrowsing,PasswordLeakToggleMove, --disable-notifications]']
2026-05-12 15:08:23.404 INFO  c.k.k.c.w.util.WebDriverPropertyUtil     - User set preference: ['prefs', '{credentials_enable_service=false, profile.password_manager_enabled=false, profile.password_manager_leak_detection=false}']
2026-05-12 15:08:23.418 INFO  c.k.k.core.webui.driver.DriverFactory    - Action delay is set to 0 milliseconds
2026-05-12 15:08:25.478 INFO  c.k.k.core.webui.driver.DriverFactory    - sessionId = e04d52b45ecbffd0871f56162268851d
2026-05-12 15:08:25.479 INFO  c.k.k.core.webui.driver.DriverFactory    - browser = Chrome 148.0.7778.97
2026-05-12 15:08:25.479 INFO  c.k.k.core.webui.driver.DriverFactory    - platform = Mac OS X
2026-05-12 15:08:25.479 INFO  c.k.k.core.webui.driver.DriverFactory    - seleniumVersion = 4.39.0
2026-05-12 15:08:25.481 INFO  c.k.k.core.webui.driver.DriverFactory    - proxyInformation = ProxyInformation { proxyOption=NO_PROXY, proxyServerType=HTTP, username=, password=********, proxyServerAddress=, proxyServerPort=0, executionList="", isApplyToDesiredCapabilities=true }
2026-05-12 15:08:25.497 DEBUG C001-Orange HRM Search - Profile Usecase - 2: maximizeWindow(STOP_ON_FAILURE)
2026-05-12 15:08:25.897 DEBUG C001-Orange HRM Search - Profile Usecase - 3: navigateToUrl(G_URL)
2026-05-12 15:08:46.861 DEBUG C001-Orange HRM Search - Profile Usecase - 4: takeScreenshot()
2026-05-12 15:08:49.013 DEBUG C001-Orange HRM Search - Profile Usecase - 5: setText(findTestObject("OrangeHRM/Page_OrangeHRM/input_Username"), G_USR)
2026-05-12 15:08:49.603 DEBUG C001-Orange HRM Search - Profile Usecase - 6: setEncryptedText(findTestObject("OrangeHRM/Page_OrangeHRM/input_Password"), G_PWD)
2026-05-12 15:08:49.870 DEBUG C001-Orange HRM Search - Profile Usecase - 7: click(findTestObject("OrangeHRM/Page_OrangeHRM/button_Login"))
2026-05-12 15:08:54.061 DEBUG C001-Orange HRM Search - Profile Usecase - 8: click(findTestObject("OrangeHRM/Page_OrangeHRM/span_Admin"))
2026-05-12 15:09:03.511 DEBUG C001-Orange HRM Search - Profile Usecase - 9: takeScreenshot()
2026-05-12 15:09:06.083 DEBUG C001-Orange HRM Search - Profile Usecase - 10: setText(findTestObject("OrangeHRM/Page_OrangeHRM/input_oxd-input oxd-input-active"), "mohit kumar")
2026-05-12 15:09:06.568 DEBUG C001-Orange HRM Search - Profile Usecase - 11: waitForElementPresent(findTestObject("OrangeHRM/Page_OrangeHRM/h5_System Users"), 10)
2026-05-12 15:09:06.790 DEBUG C001-Orange HRM Search - Profile Usecase - 12: takeScreenshot()
2026-05-12 15:09:07.118 DEBUG C001-Orange HRM Search - Profile Usecase - 13: verifyElementText(findTestObject("OrangeHRM/Page_OrangeHRM/h5_System Users"), "System Users")
2026-05-12 15:09:07.343 DEBUG C001-Orange HRM Search - Profile Usecase - 14: waitForElementPresent(findTestObject("OrangeHRM/Page_OrangeHRM/h5_System Users"), 10)
2026-05-12 15:09:07.560 DEBUG C001-Orange HRM Search - Profile Usecase - 15: click(findTestObject("OrangeHRM/Page_OrangeHRM/button_Search"))
2026-05-12 15:09:07.809 DEBUG C001-Orange HRM Search - Profile Usecase - 16: waitForElementPresent(findTestObject("OrangeHRM/Page_OrangeHRM/span_No Records Found"), 10)
2026-05-12 15:09:09.953 DEBUG C001-Orange HRM Search - Profile Usecase - 17: takeScreenshot()
2026-05-12 15:09:10.277 DEBUG C001-Orange HRM Search - Profile Usecase - 18: verifyElementText(findTestObject("OrangeHRM/Page_OrangeHRM/span_No Records Found"), "No Records Found")
2026-05-12 15:09:10.494 DEBUG C001-Orange HRM Search - Profile Usecase - 19: click(findTestObject("OrangeHRM/Page_OrangeHRM/span_Leave"))
2026-05-12 15:09:13.924 DEBUG C001-Orange HRM Search - Profile Usecase - 20: waitForElementPresent(findTestObject("OrangeHRM/Page_OrangeHRM/h5_Leave List"), 10)
2026-05-12 15:09:19.309 DEBUG C001-Orange HRM Search - Profile Usecase - 21: takeScreenshot()
2026-05-12 15:09:19.640 DEBUG C001-Orange HRM Search - Profile Usecase - 22: verifyElementText(findTestObject("OrangeHRM/Page_OrangeHRM/h5_Leave List"), "Leave List")
2026-05-12 15:09:19.858 DEBUG C001-Orange HRM Search - Profile Usecase - 23: click(findTestObject("OrangeHRM/Page_OrangeHRM/span_Time"))
2026-05-12 15:09:23.950 DEBUG C001-Orange HRM Search - Profile Usecase - 24: waitForElementPresent(findTestObject("OrangeHRM/Page_OrangeHRM/h6_Select Employee"), 10)
2026-05-12 15:09:30.041 DEBUG C001-Orange HRM Search - Profile Usecase - 25: takeScreenshot()
2026-05-12 15:09:30.368 DEBUG C001-Orange HRM Search - Profile Usecase - 26: verifyElementText(findTestObject("OrangeHRM/Page_OrangeHRM/h6_Select Employee"), "Select Employee")
2026-05-12 15:09:30.584 DEBUG C001-Orange HRM Search - Profile Usecase - 27: click(findTestObject("OrangeHRM/Page_OrangeHRM/span_My Info"))
2026-05-12 15:09:38.600 DEBUG C001-Orange HRM Search - Profile Usecase - 28: waitForElementPresent(findTestObject("OrangeHRM/Page_OrangeHRM/h6_Personal Details"), 10)
2026-05-12 15:09:48.845 DEBUG C001-Orange HRM Search - Profile Usecase - 29: takeScreenshot()
2026-05-12 15:09:49.688 DEBUG C001-Orange HRM Search - Profile Usecase - 30: verifyElementText(findTestObject("OrangeHRM/Page_OrangeHRM/h6_Personal Details"), "Personal Details")
2026-05-12 15:09:49.904 DEBUG C001-Orange HRM Search - Profile Usecase - 31: click(findTestObject("OrangeHRM/Page_OrangeHRM/span_Maintenance"))
2026-05-12 15:09:55.689 DEBUG C001-Orange HRM Search - Profile Usecase - 32: waitForElementPresent(findTestObject("OrangeHRM/Page_OrangeHRM/h6_Administrator Access"), 10)
2026-05-12 15:09:58.132 DEBUG C001-Orange HRM Search - Profile Usecase - 33: takeScreenshot()
2026-05-12 15:09:58.421 DEBUG C001-Orange HRM Search - Profile Usecase - 34: verifyElementText(findTestObject("OrangeHRM/Page_OrangeHRM/h6_Administrator Access"), "Administrator Access")
2026-05-12 15:09:58.638 DEBUG C001-Orange HRM Search - Profile Usecase - 35: closeBrowser(STOP_ON_FAILURE)
2026-05-12 15:09:58.753 INFO  c.k.katalon.core.main.TestCaseExecutor   - END Test Cases/OrangeHRM/TC001-Orange HRM Search - Profile Usecase
2026-05-12 15:09:58.762 INFO  c.k.katalon.core.main.TestSuiteExecutor  - --------------------
2026-05-12 15:09:58.762 INFO  c.k.katalon.core.main.TestSuiteExecutor  - END Test Suites/TS005a- Multi Profile and Browser 1
2026-05-12 15:09:58.762 INFO  c.k.katalon.core.main.TestSuiteExecutor  - ====================
