2026-05-12 15:19:35.504 INFO  c.k.k.c.l.logback.LogbackConfigurator    - Logback default configuration initialized from: /Applications/Katalon Studio.app/Contents/Eclipse/configuration/org.eclipse.osgi/150/0/.cp/resources/logback/logback-execution.xml
2026-05-12 15:19:35.508 INFO  c.k.k.c.l.logback.LogbackConfigurator    - Logback custom configuration initialized from: /Users/mohit/git/Ramco-katalon-sample/Include/config/log.properties
2026-05-12 15:19:36.246 INFO  c.k.katalon.core.main.TestSuiteExecutor  - START Test Suites/TS006_Web and API flow
2026-05-12 15:19:36.318 INFO  c.k.katalon.core.main.TestSuiteExecutor  - userFullName = Mohit Kumar
2026-05-12 15:19:36.320 INFO  c.k.katalon.core.main.TestSuiteExecutor  - projectName = Ramco-katalon-sample
2026-05-12 15:19:36.321 INFO  c.k.katalon.core.main.TestSuiteExecutor  - hostName = mohit - 192.168.29.170
2026-05-12 15:19:36.321 INFO  c.k.katalon.core.main.TestSuiteExecutor  - os = Mac OS X 64bit
2026-05-12 15:19:36.322 INFO  c.k.katalon.core.main.TestSuiteExecutor  - hostAddress = 192.168.29.170
2026-05-12 15:19:36.323 INFO  c.k.katalon.core.main.TestSuiteExecutor  - katalonVersion = 11.1.3.0
2026-05-12 15:19:36.466 INFO  c.k.katalon.core.main.TestCaseExecutor   - --------------------
2026-05-12 15:19:36.466 INFO  c.k.katalon.core.main.TestCaseExecutor   - START Test Cases/API/Fake Store API/TC001_Obtain JWT tokens
2026-05-12 15:19:36.944 DEBUG testcase.TC001_Obtain JWT tokens         - 1: response = sendRequest(findTestObject("API/OR_Fake Store API/Auth with JWT", ["loc_Email":"john@mail.com", "loc_Password":"changeme"]))
2026-05-12 15:19:41.557 INFO  c.k.k.core.webservice.common.HarLogger   - HAR: /Users/mohit/git/Ramco-katalon-sample/Reports/20260512_151930/TS006_Web and API flow/20260512_151930/requests/main/Auth-with-JWT_0.har
2026-05-12 15:19:41.573 INFO  c.k.k.core.webservice.common.HarLogger   - cURL Command:\ncurl \\n  --location \\n  --request POST \\n  --data '{"email":"john@mail.com","password":"changeme"}' \\n  --header 'Content-Type: application/json' \\n  --header 'Accept: application/json' \\n  'https://api.escuelajs.co/api/v1/auth/login'
2026-05-12 15:19:41.629 DEBUG testcase.TC001_Obtain JWT tokens         - 2: verifyResponseStatusCode(response, 201)
2026-05-12 15:19:41.652 DEBUG testcase.TC001_Obtain JWT tokens         - 3: access_token = getElementPropertyValue(response, "access_token")
2026-05-12 15:19:41.722 DEBUG testcase.TC001_Obtain JWT tokens         - 4: println("Token: " + access_token)
Token: eyJhbGciOiJIUzI1NiIsInR5cCI6IkpXVCJ9.eyJzdWIiOjEsImlhdCI6MTc3ODU3OTM4MSwiZXhwIjoxNzgwMzA3MzgxfQ.JJiP20LA-3uRXTRa2qMMM0y-S5KFFqzQZzS9Z2m77CI
2026-05-12 15:19:41.730 DEBUG testcase.TC001_Obtain JWT tokens         - 5: G_ACCESS_TOKEN = access_token
2026-05-12 15:19:41.838 DEBUG testcase.TC001_Obtain JWT tokens         - 6: refresh_token = getElementPropertyValue(response, "refresh_token")
2026-05-12 15:19:41.871 DEBUG testcase.TC001_Obtain JWT tokens         - 7: println("Refresh Token: " + refresh_token)
Refresh Token: eyJhbGciOiJIUzI1NiIsInR5cCI6IkpXVCJ9.eyJzdWIiOjEsImlhdCI6MTc3ODU3OTM4MSwiZXhwIjoxNzc4NjE1MzgxfQ.7xhrIXTEvWefSvXCIHM3GEmR6wx8aU41CCF4Mlw1sDY
2026-05-12 15:19:41.876 DEBUG testcase.TC001_Obtain JWT tokens         - 8: G_REFRESH_TOKEN = refresh_token
2026-05-12 15:19:41.880 INFO  c.k.katalon.core.main.TestCaseExecutor   - END Test Cases/API/Fake Store API/TC001_Obtain JWT tokens
2026-05-12 15:19:41.889 INFO  c.k.katalon.core.main.TestCaseExecutor   - --------------------
2026-05-12 15:19:41.890 INFO  c.k.katalon.core.main.TestCaseExecutor   - START Test Cases/OrangeHRM/TC004-Orange HRM Search - For API
2026-05-12 15:19:41.919 INFO  c.k.katalon.core.main.TestCaseExecutor   - (Default) ApplicationUrl = https://orange.katalon.com/web/index.php/auth/login
2026-05-12 15:19:41.945 INFO  c.k.katalon.core.main.TestCaseExecutor   - (Default) LoginUser = mohit.kumar
2026-05-12 15:19:41.959 INFO  c.k.katalon.core.main.TestCaseExecutor   - (Default) LoginPassword = ********
2026-05-12 15:19:42.021 DEBUG t.TC004-Orange HRM Search - For API      - 1: openBrowser("")
2026-05-12 15:19:42.223 INFO  c.k.k.core.webui.driver.DriverFactory    - Starting 'Chrome' driver
2026-05-12 15:19:42.229 INFO  c.k.k.c.w.util.WebDriverPropertyUtil     - User set preference: ['args', '[--disable-features=SafeBrowsing,PasswordLeakToggleMove, --disable-notifications]']
2026-05-12 15:19:42.230 INFO  c.k.k.c.w.util.WebDriverPropertyUtil     - User set preference: ['prefs', '{credentials_enable_service=false, profile.password_manager_enabled=false, profile.password_manager_leak_detection=false}']
2026-05-12 15:19:42.275 INFO  c.k.k.core.webui.driver.DriverFactory    - Action delay is set to 0 milliseconds
2026-05-12 15:19:45.262 INFO  c.k.k.core.webui.driver.DriverFactory    - sessionId = 238f2361553a5a85fbcbbe747ee2d6ff
2026-05-12 15:19:45.264 INFO  c.k.k.core.webui.driver.DriverFactory    - browser = Chrome 148.0.7778.97
2026-05-12 15:19:45.265 INFO  c.k.k.core.webui.driver.DriverFactory    - platform = Mac OS X
2026-05-12 15:19:45.266 INFO  c.k.k.core.webui.driver.DriverFactory    - seleniumVersion = 4.39.0
2026-05-12 15:19:45.273 INFO  c.k.k.core.webui.driver.DriverFactory    - proxyInformation = ProxyInformation { proxyOption=NO_PROXY, proxyServerType=HTTP, username=, password=********, proxyServerAddress=, proxyServerPort=0, executionList="", isApplyToDesiredCapabilities=true }
2026-05-12 15:19:45.330 DEBUG t.TC004-Orange HRM Search - For API      - 2: maximizeWindow(STOP_ON_FAILURE)
2026-05-12 15:19:45.736 DEBUG t.TC004-Orange HRM Search - For API      - 3: navigateToUrl("https://orange.katalon.com/web/index.php/auth/login")
2026-05-12 15:19:47.932 DEBUG t.TC004-Orange HRM Search - For API      - 4: comment(G_CureUsername)
2026-05-12 15:19:47.964 INFO  c.k.k.c.keyword.builtin.CommentKeyword   - 
2026-05-12 15:19:47.966 DEBUG t.TC004-Orange HRM Search - For API      - 5: setText(findTestObject("OrangeHRM/Page_OrangeHRM/input_Username"), G_ACCESS_TOKEN)
2026-05-12 15:19:49.299 DEBUG t.TC004-Orange HRM Search - For API      - 6: comment(G_CurePassword)
2026-05-12 15:19:49.303 INFO  c.k.k.c.keyword.builtin.CommentKeyword   - 
2026-05-12 15:19:49.304 DEBUG t.TC004-Orange HRM Search - For API      - 7: setText(findTestObject("OrangeHRM/Page_OrangeHRM/input_Password"), G_REFRESH_TOKEN)
2026-05-12 15:19:50.048 DEBUG t.TC004-Orange HRM Search - For API      - 8: click(findTestObject("OrangeHRM/Page_OrangeHRM/button_Login"))
2026-05-12 15:19:50.907 DEBUG t.TC004-Orange HRM Search - For API      - 9: closeBrowser()
2026-05-12 15:19:51.057 INFO  c.k.katalon.core.main.TestCaseExecutor   - END Test Cases/OrangeHRM/TC004-Orange HRM Search - For API
2026-05-12 15:19:51.095 INFO  c.k.katalon.core.main.TestSuiteExecutor  - --------------------
2026-05-12 15:19:51.095 INFO  c.k.katalon.core.main.TestSuiteExecutor  - END Test Suites/TS006_Web and API flow
2026-05-12 15:19:51.095 INFO  c.k.katalon.core.main.TestSuiteExecutor  - ====================
